XmRenderTableAddRenditions_TNK
XmRenderTableCopy_TNK
XmRenderTableCvtFromProp_TNK
XmRenderTableFree_TNK
XmRenderTableGetRendition_TNK
XmRenderTableGetTags_TNK
XmRenditionCreate_TNK
XmRenditionFree_TNK
XmRenditionRetrieve_TNK
XmRenditionUpdate_TNK
XLoadFont_TNK
XQueryFont_TNK
XLoadQueryFont_TNK
XFreeFont_TNK
XGetFontProperty_TNK
XUnloadFont_TNK
XmFontListCreate_TNK
XmTabCreate_TNK
XmTabFree_TNK
XmTabListInsertTabs_TNK
XmTabListFree_TNK
XCreateImage_TNK
XGetPixel_TNK
XPutPixel_TNK
XSubImage_TNK
XAddPixel_TNK
XDestroyImage_TNK
XPutImage_TNK
XGetImage_TNK
XGetSubImage_TNK
XInternAtom_TNK
XInternAtoms_TNK
XGetAtomName_TNK
XGetAtomNames_TNK
XAllocColorCells_TNK
XFreeColors_TNK
XAllocColorPlanes_TNK
XAllocColor_TNK
XAllocNamedColor_TNK
XQueryColor_TNK
XQueryColors_TNK
XLookupColor_TNK
XParseColor_TNK
XCreateColormap_TNK
XCopyColormapAndFree_TNK
XFreeColormap_TNK
XCreateFontCursor_TNK
XCreatePixmapCursor_TNK
XCreateGlyphCursor_TNK
XRecolorCursor_TNK
XFreeCursor_TNK
XQueryBestCursor_TNK
XOpenDisplay_TNK
XOpenDisplay_TNK
XCloseDisplay_TNK
XFlush_TNK
XSync_TNK
XPending_TNK
XDisplayName_TNK
XDisplayName_TNK
ServerVendor_TNK
DisplayWidth_TNK
DisplayHeight_TNK
DisplayWidthMM_TNK
DisplayHeightMM_TNK
DefaultScreen_TNK
ProtocolVersion_TNK
ProtocolRevision_TNK
XNextEvent_TNK
XPeekEvent_TNK
XAllowEvents_TNK
XMaskEvent_TNK
XCheckMaskEvent_TNK
XCheckTypedEvent_TNK
XSendEvent_TNK
XDisplayMotionBufferSize_TNK
XCreateSimpleWindow_TNK
XCreateWindow_TNK
DefaultColormap_TNK
XSetCloseDownMode_TNK
XKillClient_TNK
ConnectionNumber_TNK
QLength_TNK
ScreenCount_TNK
VendorRelease_TNK
DisplayString_TNK
BitmapUnit_TNK
BitmapBitOrder_TNK
BitmapPad_TNK
ImageByteOrder_TNK
NextRequest_TNK
LastKnownRequestProcessed_TNK
RootWindow_TNK
DefaultRootWindow_TNK
DefaultVisual_TNK
DefaultGC_TNK
BlackPixel_TNK
WhitePixel_TNK
DisplayPlanes_TNK
DisplayCells_TNK
DefaultDepth_TNK
ScreenOfDisplay_TNK
DefaultScreenOfDisplay_TNK
XkbKeycodeToKeysym_TNK
XKeysymToKeycode_TNK
XStringToKeysym_TNK
XKeysymToString_TNK
XConvertCase_TNK
XDisplayKeycodes_TNK
XSetModifierMapping_TNK
XGetModifierMapping_TNK
XGrabServer_TNK
XUngrabServer_TNK
XGrabKey_TNK
XUngrabKey_TNK
XGrabButton_TNK
XUngrabButton_TNK
XSetInputFocus_TNK
XGetInputFocus_TNK
XWarpPointer_TNK
XGetErrorText_TNK
XGetErrorDatabaseText_TNK
XSetAfterFunction_TNK
XSynchronize_TNK
XTranslateCoordinates_TNK
XCreateFontSet_TNK
XFreeFontSet_TNK
XLoadFont_TNK
XUnloadFont_TNK
XListFontsWithInfo_TNK
XFreeFontInfo_TNK
XQueryFont_TNK
XLoadQueryFont_TNK
XFreeFont_TNK
XGetFontProperty_TNK
XListFonts_TNK
XFreeFontNames_TNK
XmbTextExtents_TNK
XwcTextExtents_TNK
XExtentsOfFontSet_TNK
XmbDrawString_TNK
XwcDrawString_TNK
XwcDrawImageString_TNK
XNewModifiermap_TNK
XInsertModifiermapEntry_TNK
XDeleteModifiermapEntry_TNK
XFreeModifiermap_TNK
XCreatePixmapFromBitmapData_TNK
XCreateBitmapFromData_TNK
XCreateRegion_TNK
XSetRegion_TNK
XDestroyRegion_TNK
XEmptyRegion_TNK
XEqualRegion_TNK
XPointInRegion_TNK
XRectInRegion_TNK
XIntersectRegion_TNK
XUnionRegion_TNK
XUnionRectWithRegion_TNK
XSubtractRegion_TNK
XXorRegion_TNK
XOffsetRegion_TNK
XShrinkRegion_TNK
XPolygonRegion_TNK
XClipBox_TNK
DisplayOfScreen_TNK
RootWindowOfScreen_TNK
BlackPixelOfScreen_TNK
WhitePixelOfScreen_TNK
DefaultColormapOfScreen_TNK
DefaultDepthOfScreen_TNK
DefaultGCOfScreen_TNK
DefaultVisualOfScreen_TNK
WidthOfScreen_TNK
HeightOfScreen_TNK
WidthMMOfScreen_TNK
HeightMMOfScreen_TNK
PlanesOfScreen_TNK
CellsOfScreen_TNK
MinCmapsOfScreen_TNK
MaxCmapsOfScreen_TNK
DoesSaveUnders_TNK
DoesBackingStore_TNK
EventMaskOfScreen_TNK
XwcTextListToTextProperty_TNK
XmbTextPropertyToTextList_TNK
XwcFreeStringList_TNK
XFreeStringList_TNK
XVisualIDFromVisual_TNK
XGetVisualInfo_TNK
XMatchVisualInfo_TNK
DefaultRootWindow_TNK
XSelectInput_TNK
XMapWindow_TNK
XMapRaised_TNK
XMapSubwindows_TNK
XUnmapWindow_TNK
XUnmapSubwindows_TNK
XRaiseWindow_TNK
XLowerWindow_TNK
XSetWMProtocols_TNK
XGetWMProtocols_TNK
XDestroyWindow_TNK
XDestroySubwindows_TNK
XChangeWindowAttributes_TNK
XSetWindowBackground_TNK
XSetWindowBorder_TNK
XSetWindowBackgroundPixmap_TNK
XSetWindowBorderPixmap_TNK
XSetWindowColormap_TNK
XGetWindowAttributes_TNK
XGetGeometry_TNK
XSetClassHint_TNK
XGetClassHint_TNK
XMoveWindow_TNK
XResizeWindow_TNK
XMoveResizeWindow_TNK
XSetWindowBorderWidth_TNK
XCirculateSubwindows_TNK
XCirculateSubwindowsUp_TNK
XCirculateSubwindowsDown_TNK
XRestackWindows_TNK
XWindowEvent_TNK
XCheckWindowEvent_TNK
XCheckTypedWindowEvent_TNK
XGetMotionEvents_TNK
XConfigureWindow_TNK
XQueryTree_TNK
XSetTransientForHint_TNK
XGetTransientForHint_TNK
XQueryPointer_TNK
XDefineCursor_TNK
XUndefineCursor_TNK
XSetTextProperty_TNK
XGetTextProperty_TNK
XmbSetWMProperties_TNK
XmbSetWMProperties_TNK
XSetWMName_TNK
XGetWMName_TNK
XStoreName_TNK
XFetchName_TNK
XSetWMIconName_TNK
XGetWMIconName_TNK
XSetIconName_TNK
XGetIconName_TNK
XSetWMNormalHints_TNK
XGetWMNormalHints_TNK
XSetWMSizeHints_TNK
XGetWMSizeHints_TNK
XAllocWMHints_TNK
XAllocClassHint_TNK
XStringToKeysym_TNK
XKeysymToString_TNK
XFree_TNK
XSupportsLocale_TNK
XSetLocaleModifiers_TNK
XSetErrorHandler_TNK
XSetErrorHandler_TNK
XSetIOErrorHandler_TNK
XSetIOErrorHandler_TNK
setlocale_TNK
XFreeStringList_TNK
XDoubleToFixed_TNK
XFixedToDouble_TNK
RootWindowOfScreen_TNK
XCreateGC_TNK
XCreateGC_TNK
XFreeGC_TNK
XGetGCValues_TNK
XCreatePixmap_TNK
XFreePixmap_TNK
XSetForeground_TNK
XSetBackground_TNK
XCopyPlane_TNK
XCopyArea_TNK
XClearWindow_TNK
XClearArea_TNK
XDrawPoint_TNK
XDrawPoints_TNK
XDrawLine_TNK
XDrawLines_TNK
XDrawSegments_TNK
XDrawRectangle_TNK
XDrawRectangles_TNK
XFillRectangle_TNK
XFillRectangles_TNK
XFillPolygon_TNK
XFillArc_TNK
XFillArcs_TNK
XDrawArc_TNK
XDrawArcs_TNK
XSetLineAttributes_TNK
XSetDashes_TNK
XGetGeometry_TNK
XStringListToTextProperty_TNK
XTextPropertyToStringList_TNK
XFreeStringList_TNK
XRenderQueryExtension_TNK
XRenderQueryVersion_TNK
XRenderFindVisualFormat_TNK
XRenderFindStandardFormat_TNK
XRenderQueryFormats_TNK
XRenderQuerySubpixelOrder_TNK
XRenderSetSubpixelOrder_TNK
XRenderFreePicture_TNK
XRenderCreatePicture_TNK
XRenderChangePicture_TNK
XRenderSetPictureFilter_TNK
XRenderSetPictureClipRectangles_TNK
XRenderSetPictureClipRegion_TNK
XRenderSetPictureTransform_TNK
XRenderFillRectangle_TNK
XRenderFillRectangles_TNK
XRenderCompositeTrapezoids_TNK
XRenderCompositeTrapezoids_TNK
XRenderComposite_TNK
XRenderCreateSolidFill_TNK
XRenderCreateLinearGradient_TNK
XRenderCreateRadialGradient_TNK
XRenderCreateConicalGradient_TNK
XRenderParseColor_TNK
XRenderQueryPictIndexValues_TNK
XRenderQueryFilters_TNK
XRenderCompositeTriangles_TNK
XRenderCompositeTriStrip_TNK
XRenderCompositeTriFan_TNK
XRenderCompositeDoublePoly_TNK
XShapeQueryExtension_TNK
XShapeQueryVersion_TNK
XShapeCombineRegion_TNK
XShapeCombineRectangles_TNK
XShapeCombineMask_TNK
XShapeCombineShape_TNK
XShapeOffsetShape_TNK
XShapeSelectInput_TNK
XShapeInputSelected_TNK
FcBlanksCreate_TNK
FcBlanksDestroy_TNK
FcBlanksAdd_TNK
FcBlanksIsMember_TNK
FcCacheDir_TNK
FcCacheCopySet_TNK
FcCacheSubdir_TNK
FcCacheNumSubdir_TNK
FcCacheNumFont_TNK
FcCacheCreateTagFile_TNK
FcDirCacheUnlink_TNK
FcDirCacheValid_TNK
FcDirCacheClean_TNK
FcCharSetCreate_TNK
FcCharSetDestroy_TNK
FcCharSetAddChar_TNK
FcCharSetDelChar_TNK
FcCharSetCopy_TNK
FcCharSetEqual_TNK
FcCharSetIntersect_TNK
FcCharSetUnion_TNK
FcCharSetSubtract_TNK
FcCharSetMerge_TNK
FcCharSetHasChar_TNK
FcCharSetCount_TNK
FcCharSetIntersectCount_TNK
FcCharSetSubtractCount_TNK
FcCharSetIsSubset_TNK
FcCharSetFirstPage_TNK
FcCharSetNextPage_TNK
FcConfigHome_TNK
FcConfigEnableHome_TNK
FcConfigFilename_TNK
FcConfigCreate_TNK
FcConfigReference_TNK
FcConfigDestroy_TNK
FcConfigSetCurrent_TNK
FcConfigGetCurrent_TNK
FcConfigUptoDate_TNK
FcConfigBuildFonts_TNK
FcConfigGetFontDirs_TNK
FcConfigGetConfigDirs_TNK
FcConfigGetConfigFiles_TNK
FcConfigGetCache_TNK
FcConfigGetBlanks_TNK
FcConfigGetCacheDirs_TNK
FcConfigGetRescanInterval_TNK
FcConfigSetRescanInterval_TNK
FcConfigGetFonts_TNK
FcConfigAppFontAddFile_TNK
FcConfigAppFontAddDir_TNK
FcConfigAppFontClear_TNK
FcConfigSubstituteWithPat_TNK
FcConfigSubstitute_TNK
FcConfigGetSysRoot_TNK
FcConfigSetSysRoot_TNK
FcConfigParseAndLoad_TNK
FcGetDefaultLangs_TNK
FcDefaultSubstitute_TNK
FcFontSetCreate_TNK
FcFontSetDestroy_TNK
FcFontSetAdd_TNK
FcFontSetMatch_TNK
FcFontMatch_TNK
FcFontRenderPrepare_TNK
FcFontSetSort_TNK
FcFontSort_TNK
FcFontSetSortDestroy_TNK
FcLangNormalize_TNK
FcLangGetCharSet_TNK
FcLangSetCreate_TNK
FcLangSetDestroy_TNK
FcLangSetCopy_TNK
FcLangSetAdd_TNK
FcLangSetDel_TNK
FcLangSetHasLang_TNK
FcLangSetCompare_TNK
FcLangSetContains_TNK
FcLangSetEqual_TNK
FcLangSetHash_TNK
FcLangSetGetLangs_TNK
FcLangSetUnion_TNK
FcLangSetSubtract_TNK
FcPatternDestroy_TNK
XftXlfdParse_TNK
FcNameParse_TNK
FcPatternCreate_TNK
FcPatternDuplicate_TNK
FcPatternReference_TNK
FcPatternFilter_TNK
FcPatternEqual_TNK
FcPatternEqualSubset_TNK
FcPatternHash_TNK
FcPatternDel_TNK
FcPatternRemove_TNK
FcPatternAddInteger_TNK
FcPatternAddDouble_TNK
FcPatternAddString_TNK
FcPatternAddMatrix_TNK
FcPatternAddCharSet_TNK
FcPatternAddBool_TNK
FcPatternAddLangSet_TNK
FcPatternGetInteger_TNK
FcPatternGetDouble_TNK
FcPatternGetString_TNK
FcPatternGetMatrix_TNK
FcPatternGetCharSet_TNK
FcPatternGetBool_TNK
FcPatternGetLangSet_TNK
FcPatternFormat_TNK
FcStrListCreate_TNK
FcStrListFirst_TNK
FcStrListNext_TNK
FcStrListDone_TNK
FcStrSetCreate_TNK
FcStrSetMember_TNK
FcStrSetEqual_TNK
FcStrSetAdd_TNK
FcStrSetAddFilename_TNK
FcStrSetDel_TNK
FcStrSetDestroy_TNK
FcMatrixInit_TNK
FcMatrixCopy_TNK
FcMatrixEqual_TNK
FcMatrixMultiply_TNK
FcMatrixRotate_TNK
FcMatrixScale_TNK
FcMatrixShear_TNK
FcInit_TNK
FcFini_TNK
FcInitLoadConfig_TNK
FcInitLoadConfigAndFonts_TNK
FcGetVersion_TNK
FcInitReinitialize_TNK
FcInitBringUptoDate_TNK
FcGetLangs_TNK
XftInit_TNK
XftGetVersion_TNK
XftDefaultHasRender_TNK
XftDefaultSet_TNK
XftDefaultSubstitute_TNK
XftColorAllocName_TNK
XftColorAllocValue_TNK
XftColorFree_TNK
XftDrawCreate_TNK
XftDrawCreateBitmap_TNK
XftDrawCreateAlpha_TNK
XftDrawChange_TNK
XftDrawDisplay_TNK
XftDrawDrawable_TNK
XftDrawColormap_TNK
XftDrawVisual_TNK
XftDrawDestroy_TNK
XftDrawPicture_TNK
XftDrawSrcPicture_TNK
XftDrawGlyphs_TNK
XftDrawString8_TNK
XftDrawString16_TNK
XftDrawString32_TNK
XftDrawStringUtf16_TNK
XftDrawCharSpec_TNK
XftDrawCharFontSpec_TNK
XftDrawGlyphSpec_TNK
XftDrawGlyphFontSpec_TNK
XftDrawRect_TNK
XftDrawSetClip_TNK
XftDrawSetClipRectangles_TNK
XftDrawSetSubwindowMode_TNK
XftFontOpenName_TNK
XftFontOpenPattern_TNK
XftFontOpenXlfd_TNK
XftFontOpenInfo_TNK
XftFontClose_TNK
XftCharExists_TNK
XftCharIndex_TNK
XftFontInfoCreate_TNK
XftFontInfoDestroy_TNK
XftFontInfoHash_TNK
XftFontInfoEqual_TNK
XmGetPixmap_TNK
XmDestroyPixmap_TNK
XmStringFree_TNK
XmStringCreateLocalized_TNK
XmStringUnparse_TNK
XmMenuPosition_TNK
XmRedisplayWidget_TNK
XrmGetFileDatabase_TNK
XrmPutFileDatabase_TNK
XrmGetStringDatabase_TNK
XrmGetDatabase_TNK
XrmSetDatabase_TNK
XrmDestroyDatabase_TNK
XrmMergeDatabases_TNK
XrmCombineDatabase_TNK
XrmCombineFileDatabase_TNK
XtAppAddActionHook_TNK
XtRemoveActionHook_TNK
XtParseTranslationTable_TNK
XtAppAddActions_TNK
XtAppAddTimeOut_TNK
XtRemoveTimeOut_TNK
XtAppAddInput_TNK
XtRemoveInput_TNK
XtAppAddWorkProc_TNK
XtRemoveWorkProc_TNK
XtAppAddBlockHook_TNK
XtRemoveBlockHook_TNK
XtAppAddSignal_TNK
XtRemoveSignal_TNK
XtNoticeSignal_TNK
XtAppError_TNK
XtAppSetErrorHandler_TNK
XtAppSetWarningHandler_TNK
XtAppWarning_TNK
XtAppErrorMsg_TNK
XtAppSetErrorMsgHandler_TNK
XtAppSetWarningMsgHandler_TNK
XtAppWarningMsg_TNK
XtAppCreateShell_TNK
XtAppGetErrorDatabase_TNK
XtAppGetErrorDatabaseText_TNK
XtAppSetExitFlag_TNK
XtAppGetExitFlag_TNK
XtAppGetSelectionTimeout_TNK
XtAppSetSelectionTimeout_TNK
XtAppLock_TNK
XtAppUnlock_TNK
XtAppNextEvent_TNK
XtAppPeekEvent_TNK
XtAppPending_TNK
XtAppProcessEvent_TNK
XtAppMainLoop_TNK
XtDispatchEvent_TNK
XtAugmentTranslations_TNK
XtOverrideTranslations_TNK
XtUninstallTranslations_TNK
XtAddRawEventHandler_TNK
XtRemoveRawEventHandler_TNK
XtInsertEventHandler_TNK
XtInsertRawEventHandler_TNK
XtCreateManagedWidget_TNK
XtCreateWidget_TNK
XtAddGrab_TNK
XtRemoveGrab_TNK
XtFree_TNK
XtNameToWidget_TNK
XtDestroyWidget_TNK
XtUnmanageChild_TNK
XtManageChild_TNK
XtUnmapWidget_TNK
XtRealizeWidget_TNK
XtMapWidget_TNK
XtIsManaged_TNK
XtDisplay_TNK
XtScreen_TNK
XtWindow_TNK
XtName_TNK
XtRemoveCallback_TNK
XtAddCallback_TNK
XtLastTimestampProcessed_TNK
XtParseTranslationTable_TNK
XtAugmentTranslations_TNK
XtOverrideTranslations_TNK
XtUninstallTranslations_TNK
XtParseAcceleratorTable_TNK
XtInstallAccelerators_TNK
XtInstallAllAccelerators_TNK
XtAddEventHandler_TNK
XtRemoveEventHandler_TNK
XtInitializeWidgetClass_TNK
XtGetGC_TNK
XtGetGC_TNK
XtReleaseGC_TNK
XtCreateWindow_TNK
XtIsRealized_TNK
XtUnrealizeWidget_TNK
XtParent_TNK
XmToggleButtonGadgetGetState_TNK
XmToggleButtonGadgetSetState_TNK
XmSimpleSpinBoxAddItem_TNK
XmSimpleSpinBoxDeletePos_TNK
XmSimpleSpinBoxSetItem_TNK
XmMessageBoxGetChild_TNK
XmMessageBoxGetChild_TNK
XtPopup_TNK
XtPopdown_TNK
XmToggleButtonGetState_TNK
XmToggleButtonSetState_TNK
XmToggleButtonSetValue_TNK
XmListAddItem_TNK
XmListAddItems_TNK
XmListAddItemsUnselected_TNK
XmListAddItemUnselected_TNK
XmListDeleteAllItems_TNK
XmListDeleteItem_TNK
XmListDeleteItems_TNK
XmListDeleteItemsPos_TNK
XmListDeletePos_TNK
XmListDeletePositions_TNK
XmListGetSelectedPos_TNK
XmListDeselectAllItems_TNK
XmListDeselectItem_TNK
XmListDeselectPos_TNK
XmListGetKbdItemPos_TNK
XmListGetMatchPos_TNK
XmListItemExists_TNK
XmListItemPos_TNK
XmListPosSelected_TNK
XmListPosToBounds_TNK
XmListSelectItem_TNK
XmListSelectPos_TNK
XmListSetAddMode_TNK
XmListSetBottomItem_TNK
XmListSetBottomPos_TNK
XmListSetHorizPos_TNK
XmListSetItem_TNK
XmListSetKbdItemPos_TNK
XmListSetPos_TNK
XmListUpdateSelectedList_TNK
XmListYToPos_TNK
XmListReplaceItems_TNK
XmListReplaceItemsPos_TNK
XmListReplaceItemsPosUnselected_TNK
XmListReplaceItemsUnselected_TNK
XmListReplacePositions_TNK
XmTextGetString_TNK
XmTextSetString_TNK
XmTextClearSelection_TNK
XmTextCopy_TNK
XmTextCopyLink_TNK
XmTextCut_TNK
XmTextDisableRedisplay_TNK
XmTextEnableRedisplay_TNK
XmTextFindString_TNK
XmTextPosToXY_TNK
XmTextXYToPos_TNK
XmTextGetBaseline_TNK
XmTextGetCenterline_TNK
XmTextGetEditable_TNK
XmTextGetInsertionPosition_TNK
XmTextGetLastPosition_TNK
XmTextGetMaxLength_TNK
XmTextGetSelection_TNK
XmTextGetSelectionPosition_TNK
XmTextGetTopCharacter_TNK
XmTextInsert_TNK
XmTextPaste_TNK
XmTextPasteLink_TNK
XmTextRemove_TNK
XmTextReplace_TNK
XmTextScroll_TNK
XmTextSetAddMode_TNK
XmTextSetEditable_TNK
XmTextSetHighlight_TNK
XmTextSetInsertionPosition_TNK
XmTextSetMaxLength_TNK
XmTextSetSelection_TNK
XmTextSetTopCharacter_TNK
XmTextShowPosition_TNK
XmTextFieldGetString_TNK
XmTextFieldSetString_TNK
XmTextFieldClearSelection_TNK
XmTextFieldCopy_TNK
XmTextFieldCopyLink_TNK
XmTextFieldCut_TNK
XmTextFieldGetBaseline_TNK
XmTextFieldGetEditable_TNK
XmTextFieldGetInsertionPosition_TNK
XmTextFieldGetLastPosition_TNK
XmTextFieldGetMaxLength_TNK
XmTextFieldGetSelection_TNK
XmTextFieldGetSelectionPosition_TNK
XmTextFieldGetSubstring_TNK
XmTextFieldInsert_TNK
XmTextFieldPaste_TNK
XmTextFieldPasteLink_TNK
XmTextFieldPosToXY_TNK
XmTextFieldRemove_TNK
XmTextFieldReplace_TNK
XmTextFieldSetAddMode_TNK
XmTextFieldSetEditable_TNK
XmTextFieldSetHighlight_TNK
XmTextFieldSetInsertionPosition_TNK
XmTextFieldSetMaxLength_TNK
XmTextFieldSetSelection_TNK
XmTextFieldShowPosition_TNK
XmTextFieldXYToPos_TNK
